../Core/Src/main.c:79:5:main	8	static
../Core/Src/main.c:132:6:SystemClock_Config	88	static
../Core/Src/main.c:179:13:MX_USART2_UART_Init	8	static
../Core/Src/main.c:210:13:MX_DMA_Init	16	static
../Core/Src/main.c:231:13:MX_GPIO_Init	48	static
../Core/Src/main.c:260:6:UARTInterruptConfig	8	static
../Core/Src/main.c:265:6:HAL_UART_RxCpltCallback	16	static
../Core/Src/main.c:339:6:DummyTask	8	static
../Core/Src/main.c:353:6:ToggleLED	8	static
../Core/Src/main.c:357:6:UARTDMAConfig	8	static
../Core/Src/main.c:367:6:Error_Handler	4	static,ignoring_inline_asm
